0 4 8 12 = 20
0x7F 20
0x2
0x10
   |  00 01 02 03 04 05 06 07 08 09 0A 0B 0C 0D 0E 0F  |
   |---------------------------------------------------|
00 |  00 00 00 00 00 61 62 63 00 00 00 82 7F 14 00     | .....abc.......

Header: 0x20100001000
Header: 0x20100001000
   |  00 01 02 03 04 05 06 07 08 09 0A 0B 0C 0D 0E 0F  |
   |---------------------------------------------------|
00 |  54 00 00 00 00 00 00 00 00 00 00 00 00 00 00 00  | T...............
01 |  00 00 00 00                                      | ....

