IAllocate:
Value: 20

INew:
Zero   Parameter New: Complicated.New()      : 10 20
Single Parameter New: Complicated.New(30)    : 30 40
Double Parameter New: Complicated.New(50, 60): 50 60

Default Method Implementation:
B ->GetFavoriteNumber(): IDefineDefaults.GetFavoriteNumber(): 70
BO->GetFavoriteNumber(): IDefineDefaults.GetFavoriteNumber(): 70
O ->GetFavoriteNumber(): Opinionated.GetFavoriteNumber(): 80
OD->GetFavoriteNumber(): Opinionated.GetFavoriteNumber(): 80

TypeID:
B->TypeID()    : 0x401FC6B3A30D0D4
typeid:(Boring): 0x401FC6B3A30D0D4
BD->TypeID()   : 0x401FC6B3A30D0D4
O->TypeID()         : 0xC43503884CB69701
typeid:(Opinionated): 0xC43503884CB69701
OD->TypeID()        : 0xC43503884CB69701

New:
new Complicated()          : Complicated.New()
new Complicated(i32)       : Complicated.New(80)
new Complicated(i32, i32)  : Complicated.New(90, 100)
new Opinionated()->TypeID(): 0xC43503884CB69701

Default Methods Calling Methods
E->GetNumber(): ICMFD.GN(): ICMFD.IGN: 200
