dogcat11dogcatfish<%s null><%s null>thirtyfourtyfifty<%s null>